50.16.94.165 - - [08/Apr/2011:00:36:24 -0700] "GET /robots.txt HTTP/1.0" 404 204 "-" "Python-urllib/1.17"
95.108.158.236 - - [08/Apr/2011:04:00:44 -0700] "GET /images/125_2520.JPG HTTP/1.1" 304 - "-" "Mozilla/5.0 (compatible; YandexImages/3.0; +http://yandex.com/bots)"
67.195.114.247 - - [08/Apr/2011:04:15:15 -0700] "GET /robots.txt HTTP/1.0" 404 204 "-" "Mozilla/5.0 (compatible; Yahoo! Slurp; http://help.yahoo.com/help/us/ysearch/slurp)"
67.195.114.247 - - [08/Apr/2011:04:15:30 -0700] "GET /pdfs/AWWA%20Reservoir%20Management%20Pub.pdf HTTP/1.0" 200 399320 "-" "Mozilla/5.0 (compatible; Yahoo! Slurp; http://help.yahoo.com/help/us/ysearch/slurp)"
69.28.58.16 - - [08/Apr/2011:04:50:30 -0700] "GET /robots.txt HTTP/1.0" 404 204 "http://www.ecosystemconsulting.com/robots.txt" "Mozilla/4.0 (compatible; MSIE 8.0; Windows NT 5.1; SV1; .NET CLR 2.0.50727)"
69.28.58.16 - - [08/Apr/2011:04:50:36 -0700] "GET / HTTP/1.0" 200 5695 "http://www.ecosystemconsulting.com/" "Mozilla/4.0 (compatible; MSIE 8.0; Windows NT 5.1; SV1; .NET CLR 2.0.50727)"
216.207.98.100 - - [08/Apr/2011:05:41:29 -0700] "GET / HTTP/1.1" 200 5695 "http://www.wisegeek.com/what-is-a-bubble-diffuser.htm" "Mozilla/4.0 (compatible; MSIE 7.0; Windows NT 5.1; .NET CLR 1.1.4322; .NET CLR 2.0.50727; .NET CLR 3.0.04506.30; InfoPath.2; MS-RTC LM 8)"
216.207.98.100 - - [08/Apr/2011:05:41:29 -0700] "GET /main.css HTTP/1.1" 200 5470 "http://www.ecosystemconsulting.com/" "Mozilla/4.0 (compatible; MSIE 7.0; Windows NT 5.1; .NET CLR 1.1.4322; .NET CLR 2.0.50727; .NET CLR 3.0.04506.30; InfoPath.2; MS-RTC LM 8)"
216.207.98.100 - - [08/Apr/2011:05:41:32 -0700] "GET /images/BobCrop.jpg HTTP/1.1" 200 295922 "http://www.ecosystemconsulting.com/" "Mozilla/4.0 (compatible; MSIE 7.0; Windows NT 5.1; .NET CLR 1.1.4322; .NET CLR 2.0.50727; .NET CLR 3.0.04506.30; InfoPath.2; MS-RTC LM 8)"
216.207.98.100 - - [08/Apr/2011:05:41:33 -0700] "GET /favicon.ico HTTP/1.1" 404 217 "-" "Mozilla/4.0 (compatible; MSIE 7.0; Windows NT 5.1; .NET CLR 1.1.4322; .NET CLR 2.0.50727; .NET CLR 3.0.04506.30; InfoPath.2; MS-RTC LM 8)"
198.164.31.14 - - [08/Apr/2011:07:25:04 -0700] "GET / HTTP/1.1" 200 5695 "-" "Mozilla/5.0 (Windows; U; Windows NT 6.1; en-US; rv:1.9.2.16) Gecko/20110319 Firefox/3.6.16 ( .NET CLR 3.5.30729)"
198.164.31.14 - - [08/Apr/2011:07:25:05 -0700] "GET /images/BobCrop.jpg HTTP/1.1" 200 295922 "http://www.ecosystemconsulting.com/" "Mozilla/5.0 (Windows; U; Windows NT 6.1; en-US; rv:1.9.2.16) Gecko/20110319 Firefox/3.6.16 ( .NET CLR 3.5.30729)"
198.164.31.14 - - [08/Apr/2011:07:25:05 -0700] "GET /main.css HTTP/1.1" 200 5470 "http://www.ecosystemconsulting.com/" "Mozilla/5.0 (Windows; U; Windows NT 6.1; en-US; rv:1.9.2.16) Gecko/20110319 Firefox/3.6.16 ( .NET CLR 3.5.30729)"
198.164.31.14 - - [08/Apr/2011:07:25:08 -0700] "GET /favicon.ico HTTP/1.1" 404 217 "-" "Mozilla/5.0 (Windows; U; Windows NT 6.1; en-US; rv:1.9.2.16) Gecko/20110319 Firefox/3.6.16 ( .NET CLR 3.5.30729)"
198.164.31.14 - - [08/Apr/2011:07:25:08 -0700] "GET /favicon.ico HTTP/1.1" 404 217 "-" "Mozilla/5.0 (Windows; U; Windows NT 6.1; en-US; rv:1.9.2.16) Gecko/20110319 Firefox/3.6.16 ( .NET CLR 3.5.30729)"
198.164.31.14 - - [08/Apr/2011:07:25:11 -0700] "GET /contactus.html HTTP/1.1" 200 3825 "http://www.ecosystemconsulting.com/" "Mozilla/5.0 (Windows; U; Windows NT 6.1; en-US; rv:1.9.2.16) Gecko/20110319 Firefox/3.6.16 ( .NET CLR 3.5.30729)"
198.164.31.14 - - [08/Apr/2011:07:26:40 -0700] "GET /index.html HTTP/1.1" 200 5695 "http://www.ecosystemconsulting.com/contactus.html" "Mozilla/5.0 (Windows; U; Windows NT 6.1; en-US; rv:1.9.2.16) Gecko/20110319 Firefox/3.6.16 ( .NET CLR 3.5.30729)"
208.76.50.67 - - [08/Apr/2011:07:28:33 -0700] "GET / HTTP/1.1" 200 5695 "-" "W3C_Validator/1.1"
198.164.31.14 - - [08/Apr/2011:07:40:02 -0700] "GET /pdfs/Sum%20ResumeBob.pdf HTTP/1.1" 200 141687 "http://www.ecosystemconsulting.com/index.html" "Mozilla/5.0 (Windows; U; Windows NT 6.1; en-US; rv:1.9.2.16) Gecko/20110319 Firefox/3.6.16 ( .NET CLR 3.5.30729)"
67.195.114.247 - - [08/Apr/2011:07:44:49 -0700] "GET /robots.txt HTTP/1.0" 404 204 "-" "Mozilla/5.0 (compatible; Yahoo! Slurp; http://help.yahoo.com/help/us/ysearch/slurp)"
67.195.114.247 - - [08/Apr/2011:07:45:29 -0700] "GET /main.css HTTP/1.0" 200 5470 "http://www.ecosystemconsulting.com/index.html" "Mozilla/5.0 (compatible; Yahoo! Slurp; http://help.yahoo.com/help/us/ysearch/slurp)"
67.195.114.247 - - [08/Apr/2011:07:45:29 -0700] "GET /index.html HTTP/1.0" 200 5695 "-" "Mozilla/5.0 (compatible; Yahoo! Slurp; http://help.yahoo.com/help/us/ysearch/slurp)"
174.129.117.237 - - [08/Apr/2011:07:56:54 -0700] "HEAD / HTTP/1.1" 200 0 "-" "Mozilla/5.0 (Windows; U; Windows NT 5.1; en-US) AppleWebKit/525.13 (KHTML, like Gecko) Chrome/0.A.B.C Safari/525.13"
65.52.110.67 - - [08/Apr/2011:08:05:22 -0700] "GET /robots.txt HTTP/1.1" 404 216 "-" "Mozilla/5.0 (compatible; bingbot/2.0; +http://www.bing.com/bingbot.htm)"
65.52.110.67 - - [08/Apr/2011:08:06:07 -0700] "GET /pdfs/Water%20Supply%20Management%201.pdf HTTP/1.1" 200 358916 "-" "Mozilla/5.0 (compatible; bingbot/2.0; +http://www.bing.com/bingbot.htm)"
68.99.63.150 - - [08/Apr/2011:09:13:55 -0700] "GET / HTTP/1.1" 200 5695 "http://www.google.com/aclk?sa=L&ai=C-BJs_DOfTc6QDYHZtwef3p3AD9nQpNwBiYbRzxiH1cQMEAEgnbjmBygIUIbNxqT______wFgyYa0h9yjvBXIAQGqBBZP0Ev7k7PAqHc_lZTNocD863ljDQn0gAWQTg&num=4&sig=AGiWqtxpB41ClD8HAtGBOkNRxu-RpkRAvQ&ved=0CAUQ0Qw&adurl=http://www.EcosystemConsulting.com&rct=j&q=lagoon%20aerators" "Mozilla/4.0 (compatible; MSIE 8.0; Windows NT 6.0; Trident/4.0; GTB6.6; Avant Browser; SLCC1; .NET CLR 2.0.50727; Media Center PC 5.0; .NET CLR 3.5.30729; .NET CLR 3.0.30729; .NET4.0C)"
68.99.63.150 - - [08/Apr/2011:09:13:55 -0700] "GET /main.css HTTP/1.1" 200 5470 "http://www.ecosystemconsulting.com/" "Mozilla/4.0 (compatible; MSIE 8.0; Windows NT 6.0; Trident/4.0; GTB6.6; Avant Browser; SLCC1; .NET CLR 2.0.50727; Media Center PC 5.0; .NET CLR 3.5.30729; .NET CLR 3.0.30729; .NET4.0C)"
68.99.63.150 - - [08/Apr/2011:09:13:56 -0700] "GET /images/BobCrop.jpg HTTP/1.1" 200 295922 "http://www.ecosystemconsulting.com/" "Mozilla/4.0 (compatible; MSIE 8.0; Windows NT 6.0; Trident/4.0; GTB6.6; Avant Browser; SLCC1; .NET CLR 2.0.50727; Media Center PC 5.0; .NET CLR 3.5.30729; .NET CLR 3.0.30729; .NET4.0C)"
68.99.63.150 - - [08/Apr/2011:09:13:56 -0700] "GET /favicon.ico HTTP/1.1" 404 217 "-" "Mozilla/4.0 (compatible; MSIE 8.0; Windows NT 6.0; Trident/4.0; GTB6.6; Avant Browser; SLCC1; .NET CLR 2.0.50727; Media Center PC 5.0; .NET CLR 3.5.30729; .NET CLR 3.0.30729; .NET4.0C)"
68.99.63.150 - - [08/Apr/2011:09:14:15 -0700] "GET /innovationsandawards.html HTTP/1.1" 200 5656 "http://www.ecosystemconsulting.com/" "Mozilla/4.0 (compatible; MSIE 8.0; Windows NT 6.0; Trident/4.0; GTB6.6; Avant Browser; SLCC1; .NET CLR 2.0.50727; Media Center PC 5.0; .NET CLR 3.5.30729; .NET CLR 3.0.30729; .NET4.0C)"
68.99.63.150 - - [08/Apr/2011:09:14:15 -0700] "GET /images/image002.gif HTTP/1.1" 200 19431 "http://www.ecosystemconsulting.com/innovationsandawards.html" "Mozilla/4.0 (compatible; MSIE 8.0; Windows NT 6.0; Trident/4.0; GTB6.6; Avant Browser; SLCC1; .NET CLR 2.0.50727; Media Center PC 5.0; .NET CLR 3.5.30729; .NET CLR 3.0.30729; .NET4.0C)"
68.99.63.150 - - [08/Apr/2011:09:14:16 -0700] "GET /images/image006.gif HTTP/1.1" 200 20622 "http://www.ecosystemconsulting.com/innovationsandawards.html" "Mozilla/4.0 (compatible; MSIE 8.0; Windows NT 6.0; Trident/4.0; GTB6.6; Avant Browser; SLCC1; .NET CLR 2.0.50727; Media Center PC 5.0; .NET CLR 3.5.30729; .NET CLR 3.0.30729; .NET4.0C)"
68.99.63.150 - - [08/Apr/2011:09:14:16 -0700] "GET /images/image004.gif HTTP/1.1" 200 21051 "http://www.ecosystemconsulting.com/innovationsandawards.html" "Mozilla/4.0 (compatible; MSIE 8.0; Windows NT 6.0; Trident/4.0; GTB6.6; Avant Browser; SLCC1; .NET CLR 2.0.50727; Media Center PC 5.0; .NET CLR 3.5.30729; .NET CLR 3.0.30729; .NET4.0C)"
68.99.63.150 - - [08/Apr/2011:09:14:16 -0700] "GET /favicon.ico HTTP/1.1" 404 217 "-" "Mozilla/4.0 (compatible; MSIE 8.0; Windows NT 6.0; Trident/4.0; GTB6.6; Avant Browser; SLCC1; .NET CLR 2.0.50727; Media Center PC 5.0; .NET CLR 3.5.30729; .NET CLR 3.0.30729; .NET4.0C)"
68.99.63.150 - - [08/Apr/2011:09:14:47 -0700] "GET /index.html HTTP/1.1" 200 5695 "http://www.ecosystemconsulting.com/innovationsandawards.html" "Mozilla/4.0 (compatible; MSIE 8.0; Windows NT 6.0; Trident/4.0; GTB6.6; Avant Browser; SLCC1; .NET CLR 2.0.50727; Media Center PC 5.0; .NET CLR 3.5.30729; .NET CLR 3.0.30729; .NET4.0C)"
68.99.63.150 - - [08/Apr/2011:09:18:04 -0700] "GET /Wind%20Aerator2.jpg HTTP/1.1" 200 35697 "http://www.ecosystemconsulting.com/offgridtech.html" "Mozilla/4.0 (compatible; MSIE 8.0; Windows NT 6.0; Trident/4.0; GTB6.6; Avant Browser; SLCC1; .NET CLR 2.0.50727; Media Center PC 5.0; .NET CLR 3.5.30729; .NET CLR 3.0.30729; .NET4.0C)"
68.99.63.150 - - [08/Apr/2011:09:18:04 -0700] "GET /offgridtech.html HTTP/1.1" 200 6326 "http://www.ecosystemconsulting.com/innovationsandawards.html" "Mozilla/4.0 (compatible; MSIE 8.0; Windows NT 6.0; Trident/4.0; GTB6.6; Avant Browser; SLCC1; .NET CLR 2.0.50727; Media Center PC 5.0; .NET CLR 3.5.30729; .NET CLR 3.0.30729; .NET4.0C)"
68.99.63.150 - - [08/Apr/2011:09:18:05 -0700] "GET /images/windTurb.jpg HTTP/1.1" 200 6527 "http://www.ecosystemconsulting.com/offgridtech.html" "Mozilla/4.0 (compatible; MSIE 8.0; Windows NT 6.0; Trident/4.0; GTB6.6; Avant Browser; SLCC1; .NET CLR 2.0.50727; Media Center PC 5.0; .NET CLR 3.5.30729; .NET CLR 3.0.30729; .NET4.0C)"
68.99.63.150 - - [08/Apr/2011:09:18:05 -0700] "GET /PutnamSolar.jpg HTTP/1.1" 200 448792 "http://www.ecosystemconsulting.com/offgridtech.html" "Mozilla/4.0 (compatible; MSIE 8.0; Windows NT 6.0; Trident/4.0; GTB6.6; Avant Browser; SLCC1; .NET CLR 2.0.50727; Media Center PC 5.0; .NET CLR 3.5.30729; .NET CLR 3.0.30729; .NET4.0C)"
68.99.63.150 - - [08/Apr/2011:09:18:15 -0700] "GET /artificialcirculation.html HTTP/1.1" 200 5980 "http://www.ecosystemconsulting.com/innovationsandawards.html" "Mozilla/4.0 (compatible; MSIE 8.0; Windows NT 6.0; Trident/4.0; GTB6.6; Avant Browser; SLCC1; .NET CLR 2.0.50727; Media Center PC 5.0; .NET CLR 3.5.30729; .NET CLR 3.0.30729; .NET4.0C)"
68.99.63.150 - - [08/Apr/2011:09:18:15 -0700] "GET /destrat.jpg HTTP/1.1" 200 17124 "http://www.ecosystemconsulting.com/artificialcirculation.html" "Mozilla/4.0 (compatible; MSIE 8.0; Windows NT 6.0; Trident/4.0; GTB6.6; Avant Browser; SLCC1; .NET CLR 2.0.50727; Media Center PC 5.0; .NET CLR 3.5.30729; .NET CLR 3.0.30729; .NET4.0C)"
68.99.63.150 - - [08/Apr/2011:09:18:34 -0700] "GET /layeraeration.html HTTP/1.1" 200 6083 "http://www.ecosystemconsulting.com/innovationsandawards.html" "Mozilla/4.0 (compatible; MSIE 8.0; Windows NT 6.0; Trident/4.0; GTB6.6; Avant Browser; SLCC1; .NET CLR 2.0.50727; Media Center PC 5.0; .NET CLR 3.5.30729; .NET CLR 3.0.30729; .NET4.0C)"
68.99.63.150 - - [08/Apr/2011:09:18:34 -0700] "GET /images/waramaug%20aerator.jpg HTTP/1.1" 200 9090 "http://www.ecosystemconsulting.com/layeraeration.html" "Mozilla/4.0 (compatible; MSIE 8.0; Windows NT 6.0; Trident/4.0; GTB6.6; Avant Browser; SLCC1; .NET CLR 2.0.50727; Media Center PC 5.0; .NET CLR 3.5.30729; .NET CLR 3.0.30729; .NET4.0C)"
68.99.63.150 - - [08/Apr/2011:09:18:35 -0700] "GET /images/layer_2.jpg HTTP/1.1" 200 67446 "http://www.ecosystemconsulting.com/layeraeration.html" "Mozilla/4.0 (compatible; MSIE 8.0; Windows NT 6.0; Trident/4.0; GTB6.6; Avant Browser; SLCC1; .NET CLR 2.0.50727; Media Center PC 5.0; .NET CLR 3.5.30729; .NET CLR 3.0.30729; .NET4.0C)"
24.8.102.86 - - [08/Apr/2011:09:34:27 -0700] "GET /main.css HTTP/1.1" 200 5470 "http://www.ecosystemconsulting.com/" "Mozilla/5.0 (Macintosh; U; Intel Mac OS X 10.5; en-US; rv:1.9.2.13) Gecko/20101203 Firefox/3.6.13"
24.8.102.86 - - [08/Apr/2011:09:34:27 -0700] "GET / HTTP/1.1" 200 5695 "http://www.google.com/search?client=firefox-a&rls=org.mozilla%3Aen-US%3Aofficial&channel=s&hl=en&source=hp&biw=812&bih=446&q=eco+systems+consulting&btnG=Google+Search" "Mozilla/5.0 (Macintosh; U; Intel Mac OS X 10.5; en-US; rv:1.9.2.13) Gecko/20101203 Firefox/3.6.13"
24.8.102.86 - - [08/Apr/2011:09:34:28 -0700] "GET /favicon.ico HTTP/1.1" 404 217 "-" "Mozilla/5.0 (Macintosh; U; Intel Mac OS X 10.5; en-US; rv:1.9.2.13) Gecko/20101203 Firefox/3.6.13"
24.8.102.86 - - [08/Apr/2011:09:34:28 -0700] "GET /images/BobCrop.jpg HTTP/1.1" 200 295922 "http://www.ecosystemconsulting.com/" "Mozilla/5.0 (Macintosh; U; Intel Mac OS X 10.5; en-US; rv:1.9.2.13) Gecko/20101203 Firefox/3.6.13"
71.181.142.54 - - [08/Apr/2011:09:34:30 -0700] "GET /index.html HTTP/1.1" 200 5695 "http://search.yahoo.com/search;_ylt=A0oG7kutOJ9Nk1sAXwdXNyoA?p=ecosystem+home+water+treatment&ei=UTF-8&fr=moz35&xargs=12KPjg1oFSrZquh831MeKMQeKC1B1Ixd%5Fw%5F8pvGdEoSIA9qTg4EdJGLvKWzrs9EL4yrAPR7MKk&pstart=7&b=11" "Mozilla/5.0 (Windows; U; Windows NT 5.1; en-US; rv:1.9.2.16) Gecko/20110319 Firefox/3.6.16 (.NET CLR 3.5.30729)"
71.181.142.54 - - [08/Apr/2011:09:34:30 -0700] "GET /main.css HTTP/1.1" 200 5470 "http://www.ecosystemconsulting.com/index.html" "Mozilla/5.0 (Windows; U; Windows NT 5.1; en-US; rv:1.9.2.16) Gecko/20110319 Firefox/3.6.16 (.NET CLR 3.5.30729)"
24.8.102.86 - - [08/Apr/2011:09:34:31 -0700] "GET /favicon.ico HTTP/1.1" 404 217 "-" "Mozilla/5.0 (Macintosh; U; Intel Mac OS X 10.5; en-US; rv:1.9.2.13) Gecko/20101203 Firefox/3.6.13"
71.181.142.54 - - [08/Apr/2011:09:34:32 -0700] "GET /favicon.ico HTTP/1.1" 404 217 "-" "Mozilla/5.0 (Windows; U; Windows NT 5.1; en-US; rv:1.9.2.16) Gecko/20110319 Firefox/3.6.16 (.NET CLR 3.5.30729)"
71.181.142.54 - - [08/Apr/2011:09:34:32 -0700] "GET /images/BobCrop.jpg HTTP/1.1" 200 295922 "http://www.ecosystemconsulting.com/index.html" "Mozilla/5.0 (Windows; U; Windows NT 5.1; en-US; rv:1.9.2.16) Gecko/20110319 Firefox/3.6.16 (.NET CLR 3.5.30729)"
71.181.142.54 - - [08/Apr/2011:09:34:35 -0700] "GET /favicon.ico HTTP/1.1" 404 217 "-" "Mozilla/5.0 (Windows; U; Windows NT 5.1; en-US; rv:1.9.2.16) Gecko/20110319 Firefox/3.6.16 (.NET CLR 3.5.30729)"
24.8.102.86 - - [08/Apr/2011:09:34:45 -0700] "GET /contactus.html HTTP/1.1" 200 3825 "http://www.ecosystemconsulting.com/" "Mozilla/5.0 (Macintosh; U; Intel Mac OS X 10.5; en-US; rv:1.9.2.13) Gecko/20101203 Firefox/3.6.13"
207.46.204.193 - - [08/Apr/2011:09:50:58 -0700] "GET /robots.txt HTTP/1.1" 404 216 "-" "Mozilla/5.0 (compatible; bingbot/2.0; +http://www.bing.com/bingbot.htm)"
207.46.204.193 - - [08/Apr/2011:09:53:35 -0700] "GET /introduction.html HTTP/1.1" 200 5729 "-" "Mozilla/5.0 (compatible; bingbot/2.0; +http://www.bing.com/bingbot.htm)"
209.85.238.226 - - [08/Apr/2011:10:02:22 -0700] "GET / HTTP/1.1" 200 5695 "-" "AdsBot-Google (+http://www.google.com/adsbot.html)"
209.85.238.226 - - [08/Apr/2011:10:02:22 -0700] "GET /robots.txt HTTP/1.1" 404 216 "-" "AdsBot-Google (+http://www.google.com/adsbot.html)"
209.85.238.226 - - [08/Apr/2011:10:02:25 -0700] "GET / HTTP/1.1" 200 5695 "-" "AdsBot-Google-Mobile (+http://www.google.com/mobile/adsbot.html) Mozilla (iPhone; U; CPU iPhone OS 3 0 like Mac OS X) AppleWebKit (KHTML, like Gecko) Mobile Safari"
95.108.158.236 - - [08/Apr/2011:10:16:26 -0700] "GET /robots.txt HTTP/1.1" 404 216 "-" "Mozilla/5.0 (compatible; YandexImages/3.0; +http://yandex.com/bots)"
67.195.114.247 - - [08/Apr/2011:11:57:47 -0700] "GET /implementationoverview.html HTTP/1.0" 200 5368 "-" "Mozilla/5.0 (compatible; Yahoo! Slurp; http://help.yahoo.com/help/us/ysearch/slurp)"
67.195.114.247 - - [08/Apr/2011:11:57:47 -0700] "GET /main.css HTTP/1.0" 304 - "http://www.ecosystemconsulting.com/implementationoverview.html" "Mozilla/5.0 (compatible; Yahoo! Slurp; http://help.yahoo.com/help/us/ysearch/slurp)"
151.138.13.244 - - [08/Apr/2011:12:41:58 -0700] "GET / HTTP/1.1" 206 5695 "-" "SuperPagesUrlVerifyBot/1.0"
88.214.193.166 - - [08/Apr/2011:12:55:14 -0700] "GET / HTTP/1.1" 200 5695 "http://www.whorush.com/search/?q=ecosystemconsulting.com" "Mozilla/5.0 (iPhone; U; CPU iPhone OS 3_1_3 like Mac OS X; de-de) AppleWebKit/528.18 (KHTML, like Gecko) Mobile/7E18"
8.28.16.254 - - [08/Apr/2011:13:07:43 -0700] "GET / HTTP/1.1" 200 5695 "-" "Mozilla/4.0 (compatible; MSIE 7.0; Windows NT 5.1; InfoPath.1; .NET CLR 2.0.50727; .NET CLR 1.1.4322; MS-RTC LM 8; .NET CLR 3.0.4506.2152; .NET CLR 3.5.30729)"
162.71.241.254 - - [08/Apr/2011:13:07:43 -0700] "GET / HTTP/1.1" 200 5695 "-" "Mozilla/4.0 (compatible;)"
162.71.241.254 - - [08/Apr/2011:13:07:43 -0700] "GET /main.css HTTP/1.1" 200 5470 "-" "Mozilla/4.0 (compatible;)"
162.71.241.254 - - [08/Apr/2011:13:07:44 -0700] "GET /images/BobCrop.jpg HTTP/1.1" 200 295922 "-" "Mozilla/4.0 (compatible;)"
2.96.31.224 - - [08/Apr/2011:14:06:07 -0700] "GET /favicon.ico HTTP/1.1" 404 217 "-" "Mozilla/5.0 (Windows NT 5.1; rv:2.0) Gecko/20100101 Firefox/4.0"
2.96.31.224 - - [08/Apr/2011:14:06:07 -0700] "GET /pdfs/Methods.pdf HTTP/1.1" 200 827249 "http://www.google.co.uk/url?sa=t&source=web&cd=21&ved=0CBUQFjAAOBQ&url=http%3A%2F%2Fwww.ecosystemconsulting.com%2Fpdfs%2FMethods.pdf&rct=j&q=use%20of%20aeration%20of%20the%20water%20to%20reduce%20buoyancy&ei=r3ifTd73BJOyhAeJzKj0BA&usg=AFQjCNHGF1famsniHeWQJMADBQKcqNTBNw" "Mozilla/5.0 (Windows NT 5.1; rv:2.0) Gecko/20100101 Firefox/4.0"
2.96.31.224 - - [08/Apr/2011:14:06:08 -0700] "GET /favicon.ico HTTP/1.1" 404 217 "-" "Mozilla/5.0 (Windows NT 5.1; rv:2.0) Gecko/20100101 Firefox/4.0"
65.52.110.78 - - [08/Apr/2011:14:31:33 -0700] "GET /robots.txt HTTP/1.1" 404 216 "-" "Mozilla/5.0 (compatible; bingbot/2.0; +http://www.bing.com/bingbot.htm)"
65.52.110.78 - - [08/Apr/2011:14:32:39 -0700] "GET /flowrouting.html HTTP/1.1" 200 5654 "-" "Mozilla/5.0 (compatible; bingbot/2.0; +http://www.bing.com/bingbot.htm)"
87.250.254.243 - - [08/Apr/2011:14:34:41 -0700] "GET /robots.txt HTTP/1.1" 404 216 "-" "Mozilla/5.0 (compatible; YandexBot/3.0; +http://yandex.com/bots)"
87.250.254.243 - - [08/Apr/2011:14:34:43 -0700] "GET /cooperativeresearch.html HTTP/1.1" 200 4125 "-" "Mozilla/5.0 (compatible; YandexBot/3.0; +http://yandex.com/bots)"
65.52.110.73 - - [08/Apr/2011:15:11:16 -0700] "GET /innovationsandawards.html HTTP/1.1" 200 5656 "-" "Mozilla/5.0 (compatible; bingbot/2.0; +http://www.bing.com/bingbot.htm)"
207.46.12.112 - - [08/Apr/2011:15:54:43 -0700] "GET /offgridtech.html HTTP/1.1" 200 6326 "-" "Mozilla/4.0 (compatible; MSIE 7.0; Windows NT 5.1;  SV1;  .NET CLR 1.1.4325;  .NET CLR 2.0.50727;  .NET CLR 3.0.30729;  .NET CLR 3.5.30707;  InfoPath.2)"
207.46.12.112 - - [08/Apr/2011:15:54:54 -0700] "GET /main.css HTTP/1.1" 200 5470 "http://www.ecosystemconsulting.com/offgridtech.html" "Mozilla/4.0 (compatible; MSIE 7.0; Windows NT 5.1;  SV1;  .NET CLR 1.1.4325;  .NET CLR 2.0.50727;  .NET CLR 3.0.30729;  .NET CLR 3.5.30707;  InfoPath.2)"
95.108.158.236 - - [08/Apr/2011:15:56:37 -0700] "GET /images/125_2520.JPG HTTP/1.1" 304 - "-" "Mozilla/5.0 (compatible; YandexImages/3.0; +http://yandex.com/bots)"
208.80.194.33 - - [08/Apr/2011:16:12:10 -0700] "GET / HTTP/1.0" 200 5695 "-" "Mozilla/4.0 (compatible; MSIE 7.0; Windows NT 5.1; FunWebProducts; .NET CLR 1.1.4322; .NET CLR 3.0.04506.30; .NET CLR 2.0.50727; Zango 10.0.370.0)"
88.131.106.2 - - [08/Apr/2011:16:22:50 -0700] "GET /robots.txt HTTP/1.0" 404 204 "-" "Mozilla/5.0 (Windows; U; Windows NT 5.1; en-US) Speedy Spider (http://www.entireweb.com/about/search_tech/speedy_spider/)"
88.131.106.7 - - [08/Apr/2011:16:22:50 -0700] "GET / HTTP/1.0" 200 5695 "-" "Mozilla/5.0 (Windows; U; Windows NT 5.1; en-US) Speedy Spider (http://www.entireweb.com/about/search_tech/speedy_spider/)"
24.62.202.240 - - [08/Apr/2011:16:56:32 -0700] "GET /pdfs/Sum%20ResumeBob.pdf HTTP/1.1" 200 141687 "http://www.google.com/hws/search?client=dell-usuk-rel&adsafe=high&safe=high&channel=us-psp&hl=en&ibd=2080124&q=Journal++Limnology+Lake+Management+Aquatic+Science+New+England" "Mozilla/4.0 (compatible; MSIE 7.0; Windows NT 5.1; GTB6.6; .NET CLR 1.1.4322; .NET CLR 2.0.50727; .NET CLR 3.0.4506.2152; .NET CLR 3.5.30729)"
199.125.14.2 - - [08/Apr/2011:17:20:36 -0700] "GET / HTTP/1.1" 200 5695 "-" "Mozilla/5.0 (Windows; U; MSIE 9.0; Windows NT 9.0; en-US)"
65.52.110.17 - - [08/Apr/2011:17:49:57 -0700] "GET /robots.txt HTTP/1.1" 404 216 "-" "Mozilla/5.0 (compatible; bingbot/2.0; +http://www.bing.com/bingbot.htm)"
184.72.150.7 - - [08/Apr/2011:17:50:42 -0700] "GET /robots.txt HTTP/1.0" 404 204 "-" "Python-urllib/1.17"
65.52.110.17 - - [08/Apr/2011:18:06:06 -0700] "GET / HTTP/1.1" 304 - "-" "Mozilla/5.0 (compatible; bingbot/2.0; +http://www.bing.com/bingbot.htm)"
66.213.171.142 - - [08/Apr/2011:18:20:48 -0700] "GET /main.css HTTP/1.1" 200 5470 "http://www.ecosystemconsulting.com/" "Mozilla/4.0 (compatible; MSIE 8.0; Windows NT 5.1; Trident/4.0; .NET CLR 1.1.4322; MS-RTC EA 2)"
66.213.171.142 - - [08/Apr/2011:18:20:48 -0700] "GET / HTTP/1.1" 200 5695 "http://www.ehow.com/how_6207891_make-pond-aeration-system.html" "Mozilla/4.0 (compatible; MSIE 8.0; Windows NT 5.1; Trident/4.0; .NET CLR 1.1.4322; MS-RTC EA 2)"
66.213.171.142 - - [08/Apr/2011:18:20:50 -0700] "GET /images/BobCrop.jpg HTTP/1.1" 200 295922 "http://www.ecosystemconsulting.com/" "Mozilla/4.0 (compatible; MSIE 8.0; Windows NT 5.1; Trident/4.0; .NET CLR 1.1.4322; MS-RTC EA 2)"
66.213.171.142 - - [08/Apr/2011:18:20:50 -0700] "GET /favicon.ico HTTP/1.1" 404 217 "-" "Mozilla/4.0 (compatible; MSIE 8.0; Windows NT 5.1; Trident/4.0; .NET CLR 1.1.4322; MS-RTC EA 2)"
67.195.114.247 - - [08/Apr/2011:18:49:39 -0700] "GET /pdfs/Methods.pdf HTTP/1.0" 200 827249 "-" "Mozilla/5.0 (compatible; Yahoo! Slurp; http://help.yahoo.com/help/us/ysearch/slurp)"
50.17.7.212 - - [08/Apr/2011:18:54:22 -0700] "GET /robots.txt HTTP/1.0" 404 204 "-" "Python-urllib/1.17"
173.61.17.244 - - [08/Apr/2011:19:32:48 -0700] "GET / HTTP/1.1" 200 5695 "http://www.docstoc.com/docs/766310/Places-to-Fish-Streams" "Mozilla/4.0 (compatible; MSIE 8.0; Windows NT 6.0; WOW64; Trident/4.0; FunWebProducts; GTB6.6; SLCC1; .NET CLR 2.0.50727; Media Center PC 5.0; .NET CLR 3.5.21022; InfoPath.2; .NET CLR 3.5.30729; .NET CLR 3.0.30729; .NET4.0C; 99960148703; ver:4.00302)"
173.61.17.244 - - [08/Apr/2011:19:32:49 -0700] "GET /main.css HTTP/1.1" 200 5470 "http://www.ecosystemconsulting.com/" "Mozilla/4.0 (compatible; MSIE 8.0; Windows NT 6.0; WOW64; Trident/4.0; FunWebProducts; GTB6.6; SLCC1; .NET CLR 2.0.50727; Media Center PC 5.0; .NET CLR 3.5.21022; InfoPath.2; .NET CLR 3.5.30729; .NET CLR 3.0.30729; .NET4.0C; 99960148703; ver:4.00302)"
173.61.17.244 - - [08/Apr/2011:19:32:50 -0700] "GET /images/BobCrop.jpg HTTP/1.1" 200 295922 "http://www.ecosystemconsulting.com/" "Mozilla/4.0 (compatible; MSIE 8.0; Windows NT 6.0; WOW64; Trident/4.0; FunWebProducts; GTB6.6; SLCC1; .NET CLR 2.0.50727; Media Center PC 5.0; .NET CLR 3.5.21022; InfoPath.2; .NET CLR 3.5.30729; .NET CLR 3.0.30729; .NET4.0C; 99960148703; ver:4.00302)"
173.61.17.244 - - [08/Apr/2011:19:32:50 -0700] "GET /favicon.ico HTTP/1.1" 404 217 "-" "Mozilla/4.0 (compatible; MSIE 8.0; Windows NT 6.0; WOW64; Trident/4.0; FunWebProducts; GTB6.6; SLCC1; .NET CLR 2.0.50727; Media Center PC 5.0; .NET CLR 3.5.21022; InfoPath.2; .NET CLR 3.5.30729; .NET CLR 3.0.30729; .NET4.0C; 99960148703; ver:4.00302)"
70.156.116.226 - - [08/Apr/2011:19:35:42 -0700] "GET / HTTP/1.1" 200 5695 "http://shop.ebay.com/?_from=R40&_trksid=p5197.m570.l1313&_nkw=aerated+system&_sacat=See-All-Categories" "Mozilla/5.0 (Windows NT 6.1; WOW64; rv:2.0) Gecko/20100101 Firefox/4.0"
70.156.116.226 - - [08/Apr/2011:19:35:45 -0700] "GET /main.css HTTP/1.1" 200 5470 "http://www.ecosystemconsulting.com/" "Mozilla/5.0 (Windows NT 6.1; WOW64; rv:2.0) Gecko/20100101 Firefox/4.0"
70.156.116.226 - - [08/Apr/2011:19:36:29 -0700] "GET /images/BobCrop.jpg HTTP/1.1" 200 295922 "http://www.ecosystemconsulting.com/" "Mozilla/5.0 (Windows NT 6.1; WOW64; rv:2.0) Gecko/20100101 Firefox/4.0"
70.156.116.226 - - [08/Apr/2011:19:36:39 -0700] "GET /favicon.ico HTTP/1.1" 404 217 "-" "Mozilla/5.0 (Windows NT 6.1; WOW64; rv:2.0) Gecko/20100101 Firefox/4.0"
70.156.116.226 - - [08/Apr/2011:19:36:39 -0700] "GET /favicon.ico HTTP/1.1" 404 217 "-" "Mozilla/5.0 (Windows NT 6.1; WOW64; rv:2.0) Gecko/20100101 Firefox/4.0"
70.156.116.226 - - [08/Apr/2011:19:36:39 -0700] "GET /favicon.ico HTTP/1.1" 404 217 "-" "Mozilla/5.0 (Windows NT 6.1; WOW64; rv:2.0) Gecko/20100101 Firefox/4.0"
70.156.116.226 - - [08/Apr/2011:19:37:01 -0700] "GET /introduction.html HTTP/1.1" 200 5729 "http://www.ecosystemconsulting.com/" "Mozilla/5.0 (Windows NT 6.1; WOW64; rv:2.0) Gecko/20100101 Firefox/4.0"
70.156.116.226 - - [08/Apr/2011:19:37:09 -0700] "GET /images/image001.png HTTP/1.1" 200 65536 "http://www.ecosystemconsulting.com/introduction.html" "Mozilla/5.0 (Windows NT 6.1; WOW64; rv:2.0) Gecko/20100101 Firefox/4.0"
207.46.199.195 - - [08/Apr/2011:20:22:38 -0700] "GET /robots.txt HTTP/1.1" 404 216 "-" "Mozilla/5.0 (compatible; bingbot/2.0; +http://www.bing.com/bingbot.htm)"
71.234.1.208 - - [08/Apr/2011:20:36:06 -0700] "GET /contactus.html HTTP/1.1" 200 3825 "-" "Mozilla/5.0 (Macintosh; U; PPC Mac OS X 10_4_11; en) AppleWebKit/533.19.4 (KHTML, like Gecko) Version/4.1.3 Safari/533.19.4"
71.234.1.208 - - [08/Apr/2011:20:36:07 -0700] "GET /main.css HTTP/1.1" 200 5470 "http://www.ecosystemconsulting.com/contactus.html" "Mozilla/5.0 (Macintosh; U; PPC Mac OS X 10_4_11; en) AppleWebKit/533.19.4 (KHTML, like Gecko) Version/4.1.3 Safari/533.19.4"
50.17.158.50 - - [08/Apr/2011:20:51:31 -0700] "GET /robots.txt HTTP/1.0" 404 204 "-" "Python-urllib/1.17"
70.156.116.226 - - [08/Apr/2011:21:35:27 -0700] "GET /hypoaeration.html HTTP/1.1" 200 5608 "http://www.google.com/imgres?imgurl=http://www.ecosystemconsulting.com/images/Aurora%2520backhoe%2520remove%2520aerator%2520from%2520flatbed%2520pic%25204.JPG&imgrefurl=http://www.ecosystemconsulting.com/hypoaeration.html&usg=__s4rVsaUfgKjW0hWIsup2ytPqywY=&h=1536&w=2304&sz=635&hl=en&start=229&zoom=1&tbnid=YwLhFrnzl9atMM:&tbnh=128&tbnw=194&ei=DuKfTfaQEtShtwfMurz1Ag&prev=/search%3Fq%3Daerator%2Boxygen%2Bfish%2Blake%26um%3D1%26hl%3Den%26sa%3DN%26biw%3D1262%26bih%3D593%26tbm%3Disch0%2C5628&um=1&itbs=1&iact=hc&vpx=128&vpy=303&dur=1&hovh=183&hovw=275&tx=79&ty=140&oei=LeGfTcSwC8K1tgfX6N3_Ag&page=13&ndsp=19&ved=1t:429,r:13,s:229&biw=1262&bih=593" "Mozilla/5.0 (Windows NT 6.1; WOW64; rv:2.0) Gecko/20100101 Firefox/4.0"
70.156.116.226 - - [08/Apr/2011:21:35:31 -0700] "GET /images/Aurora%20backhoe%20remove%20aerator%20from%20flatbed%20pic%204.JPG HTTP/1.1" 200 649465 "http://www.google.com/imgres?imgurl=http://www.ecosystemconsulting.com/images/Aurora%2520backhoe%2520remove%2520aerator%2520from%2520flatbed%2520pic%25204.JPG&imgrefurl=http://www.ecosystemconsulting.com/hypoaeration.html&usg=__s4rVsaUfgKjW0hWIsup2ytPqywY=&h=1536&w=2304&sz=635&hl=en&start=229&zoom=1&tbnid=YwLhFrnzl9atMM:&tbnh=128&tbnw=194&ei=DuKfTfaQEtShtwfMurz1Ag&prev=/search%3Fq%3Daerator%2Boxygen%2Bfish%2Blake%26um%3D1%26hl%3Den%26sa%3DN%26biw%3D1262%26bih%3D593%26tbm%3Disch0%2C5628&um=1&itbs=1&iact=hc&vpx=128&vpy=303&dur=1&hovh=183&hovw=275&tx=79&ty=140&oei=LeGfTcSwC8K1tgfX6N3_Ag&page=13&ndsp=19&ved=1t:429,r:13,s:229&biw=1262&bih=593" "Mozilla/5.0 (Windows NT 6.1; WOW64; rv:2.0) Gecko/20100101 Firefox/4.0"
70.156.116.226 - - [08/Apr/2011:21:35:39 -0700] "GET /index.html HTTP/1.1" 200 5695 "http://www.ecosystemconsulting.com/hypoaeration.html" "Mozilla/5.0 (Windows NT 6.1; WOW64; rv:2.0) Gecko/20100101 Firefox/4.0"
66.249.68.48 - - [08/Apr/2011:21:39:45 -0700] "GET /images/image003.png HTTP/1.1" 304 - "-" "Googlebot-Image/1.0"
67.195.114.247 - - [08/Apr/2011:22:30:09 -0700] "GET /robots.txt HTTP/1.0" 404 204 "-" "Mozilla/5.0 (compatible; Yahoo! Slurp; http://help.yahoo.com/help/us/ysearch/slurp)"
67.195.114.247 - - [08/Apr/2011:22:30:43 -0700] "GET /pdfs/Water%20Supply%20Management%201.pdf HTTP/1.0" 200 358916 "-" "Mozilla/5.0 (compatible; Yahoo! Slurp; http://help.yahoo.com/help/us/ysearch/slurp)"
50.17.177.188 - - [08/Apr/2011:23:27:37 -0700] "GET /robots.txt HTTP/1.0" 404 204 "-" "Python-urllib/1.17"
