97.81.115.210 - - [12/Apr/2011:17:59:51 -0700] "GET /main.css HTTP/1.1" 200 5470 "http://www.ecosystemconsulting.com/" "Mozilla/4.0 (compatible; MSIE 8.0; Windows NT 6.1; WOW64; Trident/4.0; SLCC2; .NET CLR 2.0.50727; .NET CLR 3.5.30729; .NET CLR 3.0.30729; Media Center PC 6.0; InfoPath.2; .NET4.0C)"
97.81.115.210 - - [12/Apr/2011:17:59:52 -0700] "GET /images/BobCrop.jpg HTTP/1.1" 200 295922 "http://www.ecosystemconsulting.com/" "Mozilla/4.0 (compatible; MSIE 8.0; Windows NT 6.1; WOW64; Trident/4.0; SLCC2; .NET CLR 2.0.50727; .NET CLR 3.5.30729; .NET CLR 3.0.30729; Media Center PC 6.0; InfoPath.2; .NET4.0C)"
97.81.115.210 - - [12/Apr/2011:17:59:52 -0700] "GET /favicon.ico HTTP/1.1" 404 217 "-" "Mozilla/4.0 (compatible; MSIE 8.0; Windows NT 6.1; WOW64; Trident/4.0; SLCC2; .NET CLR 2.0.50727; .NET CLR 3.5.30729; .NET CLR 3.0.30729; Media Center PC 6.0; InfoPath.2; .NET4.0C)"
97.81.115.210 - - [12/Apr/2011:18:02:26 -0700] "GET /introduction.html HTTP/1.1" 200 5729 "http://www.ecosystemconsulting.com/" "Mozilla/4.0 (compatible; MSIE 8.0; Windows NT 6.1; WOW64; Trident/4.0; SLCC2; .NET CLR 2.0.50727; .NET CLR 3.5.30729; .NET CLR 3.0.30729; Media Center PC 6.0; InfoPath.2; .NET4.0C)"
97.81.115.210 - - [12/Apr/2011:18:02:27 -0700] "GET /main.css HTTP/1.1" 304 - "http://www.ecosystemconsulting.com/introduction.html" "Mozilla/4.0 (compatible; MSIE 8.0; Windows NT 6.1; WOW64; Trident/4.0; SLCC2; .NET CLR 2.0.50727; .NET CLR 3.5.30729; .NET CLR 3.0.30729; Media Center PC 6.0; InfoPath.2; .NET4.0C)"
97.81.115.210 - - [12/Apr/2011:18:02:30 -0700] "GET /images/image001.png HTTP/1.1" 200 449685 "http://www.ecosystemconsulting.com/introduction.html" "Mozilla/4.0 (compatible; MSIE 8.0; Windows NT 6.1; WOW64; Trident/4.0; SLCC2; .NET CLR 2.0.50727; .NET CLR 3.5.30729; .NET CLR 3.0.30729; Media Center PC 6.0; InfoPath.2; .NET4.0C)"
97.81.115.210 - - [12/Apr/2011:18:02:31 -0700] "GET /favicon.ico HTTP/1.1" 404 217 "-" "Mozilla/4.0 (compatible; MSIE 8.0; Windows NT 6.1; WOW64; Trident/4.0; SLCC2; .NET CLR 2.0.50727; .NET CLR 3.5.30729; .NET CLR 3.0.30729; Media Center PC 6.0; InfoPath.2; .NET4.0C)"
75.101.189.170 - - [12/Apr/2011:18:15:51 -0700] "GET /robots.txt HTTP/1.0" 404 204 "-" "Python-urllib/1.17"
98.87.117.76 - - [12/Apr/2011:18:21:41 -0700] "GET /main.css HTTP/1.1" 200 5470 "http://www.ecosystemconsulting.com/" "Mozilla/4.0 (compatible; MSIE 8.0; Windows NT 5.1; Trident/4.0; FunWebProducts; GTB6.6; .NET CLR 2.0.50727; .NET CLR 3.0.04506.648; .NET CLR 3.5.21022; .NET CLR 3.0.4506.2152; .NET CLR 3.5.30729; BRI/2; AskTB5.6; atyinst(ihp))"
98.87.117.76 - - [12/Apr/2011:18:21:41 -0700] "GET / HTTP/1.1" 200 5695 "http://search.mywebsearch.com/mywebsearch/GGmain.jhtml?pg=GGmain&action=click&searchfor=solar+powered+aeration&tpr=sc&n=77cfdaec&ss=sub&st=hp&ptb=JcvyO2pPH5ZUxQKOHNhByg&ptnrS=ZRxdm4295DUS&ct=sc" "Mozilla/4.0 (compatible; MSIE 7.0; Windows NT 5.1; Trident/4.0; FunWebProducts; GTB6.6; .NET CLR 2.0.50727; .NET CLR 3.0.04506.648; .NET CLR 3.5.21022; .NET CLR 3.0.4506.2152; .NET CLR 3.5.30729; BRI/2; AskTB5.6; atyinst(ihp))"
98.87.117.76 - - [12/Apr/2011:18:21:44 -0700] "GET /images/BobCrop.jpg HTTP/1.1" 200 295922 "http://www.ecosystemconsulting.com/" "Mozilla/4.0 (compatible; MSIE 8.0; Windows NT 5.1; Trident/4.0; FunWebProducts; GTB6.6; .NET CLR 2.0.50727; .NET CLR 3.0.04506.648; .NET CLR 3.5.21022; .NET CLR 3.0.4506.2152; .NET CLR 3.5.30729; BRI/2; AskTB5.6; atyinst(ihp))"
98.87.117.76 - - [12/Apr/2011:18:21:46 -0700] "GET /favicon.ico HTTP/1.1" 404 217 "-" "Mozilla/4.0 (compatible; MSIE 8.0; Windows NT 5.1; Trident/4.0; FunWebProducts; GTB6.6; .NET CLR 2.0.50727; .NET CLR 3.0.04506.648; .NET CLR 3.5.21022; .NET CLR 3.0.4506.2152; .NET CLR 3.5.30729; BRI/2; AskTB5.6; atyinst(ihp))"
68.186.33.131 - - [12/Apr/2011:18:39:40 -0700] "GET /innovationsandawards.html HTTP/1.0" 200 5656 "-" "nutch-solr-integration-test/Nutch-1.2 (MoonValley Web Crawler using Nutch 1.2; http://www.moonvalley.com/; cwoolum@moonvalley.com)"
68.186.33.131 - - [12/Apr/2011:18:44:12 -0700] "GET /flowrouting.html HTTP/1.0" 200 5654 "-" "nutch-solr-integration-test/Nutch-1.2 (MoonValley Web Crawler using Nutch 1.2; http://www.moonvalley.com/; cwoolum@moonvalley.com)"
184.73.69.171 - - [12/Apr/2011:19:29:07 -0700] "GET /robots.txt HTTP/1.0" 404 204 "-" "Python-urllib/1.17"
207.46.13.101 - - [12/Apr/2011:19:34:28 -0700] "GET /robots.txt HTTP/1.1" 404 216 "-" "Mozilla/5.0 (compatible; bingbot/2.0; +http://www.bing.com/bingbot.htm)"
207.46.13.101 - - [12/Apr/2011:19:35:16 -0700] "GET /pdfs/Lake%20Watershed%20Management.pdf HTTP/1.1" 200 94421 "-" "Mozilla/5.0 (compatible; bingbot/2.0; +http://www.bing.com/bingbot.htm)"
68.186.33.131 - - [12/Apr/2011:19:58:19 -0700] "GET /artificialcirculation.html HTTP/1.0" 200 5980 "-" "nutch-solr-integration-test/Nutch-1.2 (MoonValley Web Crawler using Nutch 1.2; http://www.moonvalley.com/; cwoolum@moonvalley.com)"
75.199.100.199 - - [12/Apr/2011:20:23:55 -0700] "GET / HTTP/1.1" 200 5695 "http://googleads.g.doubleclick.net/pagead/ads?client=ca-pub-8918757563219933&output=html&h=600&slotname=5918745791&w=120&lmt=1302664887&flash=10.1.102&url=http%3A%2F%2Fwww.solarbirdbath.net%2Fpond_and_lake_fountains.html&dt=1302664888425&bpp=9&shv=r20110406&jsv=r20110406&correlator=1302664888515&frm=0&adk=519285006&ga_vid=229863151.1302664889&ga_sid=1302664889&ga_hid=2022689604&ga_fc=1&u_tz=-300&u_his=3&u_java=1&u_h=720&u_w=1280&u_ah=672&u_aw=1280&u_cd=24&u_nplug=18&u_nmime=101&biw=1065&bih=459&ref=http%3A%2F%2Fwww.google.com%2Furl%3Fsa%3Dt%26source%3Dweb%26cd%3D10%26ved%3D0CHIQFjAJ%26url%3Dhttp%253A%252F%252Fwww.solarbirdbath.net%252Fpond_and_lake_fountains.html%26rct%3Dj%26q%3Dlake%2520water%2520fountains%26ei%3DHRWlTfWmDOPx0gGIlPHkBg%26usg%3DAFQjCNGA3st4xaLfgXjNDWoSs9BlFQMDzA&fu=0&ifi=1&dtd=135&xpc=qw8qIBZp7a&p=http%3A//www.solarbirdbath.net" "Mozilla/5.0 (Windows; U; Windows NT 6.1; en-US; rv:1.9.2.16) Gecko/20110319 Firefox/3.6.16"
75.199.100.199 - - [12/Apr/2011:20:23:56 -0700] "GET /main.css HTTP/1.1" 200 5470 "http://www.ecosystemconsulting.com/" "Mozilla/5.0 (Windows; U; Windows NT 6.1; en-US; rv:1.9.2.16) Gecko/20110319 Firefox/3.6.16"
75.199.100.199 - - [12/Apr/2011:20:24:01 -0700] "GET /images/BobCrop.jpg HTTP/1.1" 200 295922 "http://www.ecosystemconsulting.com/" "Mozilla/5.0 (Windows; U; Windows NT 6.1; en-US; rv:1.9.2.16) Gecko/20110319 Firefox/3.6.16"
75.199.100.199 - - [12/Apr/2011:20:24:03 -0700] "GET /favicon.ico HTTP/1.1" 404 217 "-" "Mozilla/5.0 (Windows; U; Windows NT 6.1; en-US; rv:1.9.2.16) Gecko/20110319 Firefox/3.6.16"
75.199.100.199 - - [12/Apr/2011:20:24:04 -0700] "GET /favicon.ico HTTP/1.1" 404 217 "-" "Mozilla/5.0 (Windows; U; Windows NT 6.1; en-US; rv:1.9.2.16) Gecko/20110319 Firefox/3.6.16"
75.199.100.199 - - [12/Apr/2011:20:24:06 -0700] "GET /favicon.ico HTTP/1.1" 404 217 "-" "Mozilla/5.0 (Windows; U; Windows NT 6.1; en-US; rv:1.9.2.16) Gecko/20110319 Firefox/3.6.16"
68.186.33.131 - - [12/Apr/2011:20:27:25 -0700] "GET /contactus.html HTTP/1.0" 200 3825 "-" "nutch-solr-integration-test/Nutch-1.2 (MoonValley Web Crawler using Nutch 1.2; http://www.moonvalley.com/; cwoolum@moonvalley.com)"
68.186.33.131 - - [12/Apr/2011:21:20:48 -0700] "GET /hypoaeration.html HTTP/1.0" 200 5608 "-" "nutch-solr-integration-test/Nutch-1.2 (MoonValley Web Crawler using Nutch 1.2; http://www.moonvalley.com/; cwoolum@moonvalley.com)"
67.195.111.249 - - [12/Apr/2011:21:26:21 -0700] "GET /robots.txt HTTP/1.0" 404 204 "-" "Mozilla/5.0 (compatible; Yahoo! Slurp; http://help.yahoo.com/help/us/ysearch/slurp)"
67.195.111.249 - - [12/Apr/2011:21:27:01 -0700] "GET /pdfs/LimnoCourse%202004.pdf HTTP/1.0" 200 6272824 "-" "Mozilla/5.0 (compatible; Yahoo! Slurp; http://help.yahoo.com/help/us/ysearch/slurp)"
68.186.33.131 - - [12/Apr/2011:21:32:56 -0700] "GET /lakesandreservoirs.html HTTP/1.0" 200 4500 "-" "nutch-solr-integration-test/Nutch-1.2 (MoonValley Web Crawler using Nutch 1.2; http://www.moonvalley.com/; cwoolum@moonvalley.com)"
67.22.213.109 - - [12/Apr/2011:22:08:28 -0700] "GET / HTTP/1.1" 200 5695 "http://www.google.com/aclk?sa=L&ai=CXlIcpS-lTZTyOKWm0AGG68WpAdnQpNwBiYbRzxiH1cQMEAcghYjfBigIUIbNxqT______wFgyb7kjOSk7BPIAQGqBBhP0FxXXgup3vUqQCEnpTUBMBwMpowJceqABZBO&num=10&sig=AGiWqtyIUkGNwsrnz3WTorys8wTMVvajCg&ved=0CBEQ0Qw&adurl=http://www.EcosystemConsulting.com&rct=j&q=otterbine%20pond%20aereation" "Mozilla/4.0 (compatible; MSIE 8.0; Windows NT 6.0; WOW64; Trident/4.0; GTB6.6; SLCC1; .NET CLR 2.0.50727; Media Center PC 5.0; .NET CLR 3.5.30729; .NET CLR 3.0.30729; .NET CLR 1.1.4322; .NET4.0C)"
67.22.213.109 - - [12/Apr/2011:22:08:28 -0700] "GET /main.css HTTP/1.1" 200 5470 "http://www.ecosystemconsulting.com/" "Mozilla/4.0 (compatible; MSIE 8.0; Windows NT 6.0; WOW64; Trident/4.0; GTB6.6; SLCC1; .NET CLR 2.0.50727; Media Center PC 5.0; .NET CLR 3.5.30729; .NET CLR 3.0.30729; .NET CLR 1.1.4322; .NET4.0C)"
67.22.213.109 - - [12/Apr/2011:22:08:31 -0700] "GET /images/BobCrop.jpg HTTP/1.1" 200 295922 "http://www.ecosystemconsulting.com/" "Mozilla/4.0 (compatible; MSIE 8.0; Windows NT 6.0; WOW64; Trident/4.0; GTB6.6; SLCC1; .NET CLR 2.0.50727; Media Center PC 5.0; .NET CLR 3.5.30729; .NET CLR 3.0.30729; .NET CLR 1.1.4322; .NET4.0C)"
67.22.213.109 - - [12/Apr/2011:22:08:31 -0700] "GET /favicon.ico HTTP/1.1" 404 217 "-" "Mozilla/4.0 (compatible; MSIE 8.0; Windows NT 6.0; WOW64; Trident/4.0; GTB6.6; SLCC1; .NET CLR 2.0.50727; Media Center PC 5.0; .NET CLR 3.5.30729; .NET CLR 3.0.30729; .NET CLR 1.1.4322; .NET4.0C)"
67.22.213.109 - - [12/Apr/2011:22:09:39 -0700] "GET /favicon.ico HTTP/1.1" 404 217 "-" "Mozilla/4.0 (compatible; MSIE 8.0; Windows NT 6.0; WOW64; Trident/4.0; GTB6.6; SLCC1; .NET CLR 2.0.50727; Media Center PC 5.0; .NET CLR 3.5.30729; .NET CLR 3.0.30729; .NET CLR 1.1.4322; .NET4.0C)"
67.22.213.109 - - [12/Apr/2011:22:09:39 -0700] "GET /artificialcirculation.html HTTP/1.1" 200 5980 "http://www.ecosystemconsulting.com/" "Mozilla/4.0 (compatible; MSIE 8.0; Windows NT 6.0; WOW64; Trident/4.0; GTB6.6; SLCC1; .NET CLR 2.0.50727; Media Center PC 5.0; .NET CLR 3.5.30729; .NET CLR 3.0.30729; .NET CLR 1.1.4322; .NET4.0C)"
67.22.213.109 - - [12/Apr/2011:22:09:39 -0700] "GET /destrat.jpg HTTP/1.1" 200 17124 "http://www.ecosystemconsulting.com/artificialcirculation.html" "Mozilla/4.0 (compatible; MSIE 8.0; Windows NT 6.0; WOW64; Trident/4.0; GTB6.6; SLCC1; .NET CLR 2.0.50727; Media Center PC 5.0; .NET CLR 3.5.30729; .NET CLR 3.0.30729; .NET CLR 1.1.4322; .NET4.0C)"
67.22.213.109 - - [12/Apr/2011:22:10:52 -0700] "GET /oxygenation.html HTTP/1.1" 200 5168 "http://www.ecosystemconsulting.com/artificialcirculation.html" "Mozilla/4.0 (compatible; MSIE 8.0; Windows NT 6.0; WOW64; Trident/4.0; GTB6.6; SLCC1; .NET CLR 2.0.50727; Media Center PC 5.0; .NET CLR 3.5.30729; .NET CLR 3.0.30729; .NET CLR 1.1.4322; .NET4.0C)"
67.22.213.109 - - [12/Apr/2011:22:10:54 -0700] "GET /images/image001%20(2).png HTTP/1.1" 200 253935 "http://www.ecosystemconsulting.com/oxygenation.html" "Mozilla/4.0 (compatible; MSIE 8.0; Windows NT 6.0; WOW64; Trident/4.0; GTB6.6; SLCC1; .NET CLR 2.0.50727; Media Center PC 5.0; .NET CLR 3.5.30729; .NET CLR 3.0.30729; .NET CLR 1.1.4322; .NET4.0C)"
67.22.213.109 - - [12/Apr/2011:22:11:52 -0700] "GET /hypoaeration.html HTTP/1.1" 200 5608 "http://www.ecosystemconsulting.com/oxygenation.html" "Mozilla/4.0 (compatible; MSIE 8.0; Windows NT 6.0; WOW64; Trident/4.0; GTB6.6; SLCC1; .NET CLR 2.0.50727; Media Center PC 5.0; .NET CLR 3.5.30729; .NET CLR 3.0.30729; .NET CLR 1.1.4322; .NET4.0C)"
67.22.213.109 - - [12/Apr/2011:22:11:58 -0700] "GET /images/Aurora%20backhoe%20remove%20aerator%20from%20flatbed%20pic%204.JPG HTTP/1.1" 200 649465 "http://www.ecosystemconsulting.com/hypoaeration.html" "Mozilla/4.0 (compatible; MSIE 8.0; Windows NT 6.0; WOW64; Trident/4.0; GTB6.6; SLCC1; .NET CLR 2.0.50727; Media Center PC 5.0; .NET CLR 3.5.30729; .NET CLR 3.0.30729; .NET CLR 1.1.4322; .NET4.0C)"
67.22.213.109 - - [12/Apr/2011:22:12:07 -0700] "GET /solaraeration.html HTTP/1.1" 200 4770 "http://www.ecosystemconsulting.com/hypoaeration.html" "Mozilla/4.0 (compatible; MSIE 8.0; Windows NT 6.0; WOW64; Trident/4.0; GTB6.6; SLCC1; .NET CLR 2.0.50727; Media Center PC 5.0; .NET CLR 3.5.30729; .NET CLR 3.0.30729; .NET CLR 1.1.4322; .NET4.0C)"
67.22.213.109 - - [12/Apr/2011:22:12:08 -0700] "GET /images/image004%20(2).jpg HTTP/1.1" 200 18748 "http://www.ecosystemconsulting.com/solaraeration.html" "Mozilla/4.0 (compatible; MSIE 8.0; Windows NT 6.0; WOW64; Trident/4.0; GTB6.6; SLCC1; .NET CLR 2.0.50727; Media Center PC 5.0; .NET CLR 3.5.30729; .NET CLR 3.0.30729; .NET CLR 1.1.4322; .NET4.0C)"
67.186.21.219 - - [12/Apr/2011:22:12:35 -0700] "GET /main.css HTTP/1.1" 200 5470 "http://www.ecosystemconsulting.com/" "Mozilla/5.0 (Windows; U; Windows NT 6.1; en-US) AppleWebKit/534.16 (KHTML, like Gecko) Chrome/10.0.648.204 Safari/534.16"
67.186.21.219 - - [12/Apr/2011:22:12:35 -0700] "GET / HTTP/1.1" 200 5695 "http://home.shop.ebay.com/i.html?_nkw=solar+system+for+aerotion&_sacat=115710&_odkw=solar+bird+bath&_osacat=115710&_trksid=p3286.c0.m270.l1313" "Mozilla/5.0 (Windows; U; Windows NT 6.1; en-US) AppleWebKit/534.16 (KHTML, like Gecko) Chrome/10.0.648.204 Safari/534.16"
67.186.21.219 - - [12/Apr/2011:22:12:36 -0700] "GET /favicon.ico HTTP/1.1" 404 217 "-" "Mozilla/5.0 (Windows; U; Windows NT 6.1; en-US) AppleWebKit/534.16 (KHTML, like Gecko) Chrome/10.0.648.204 Safari/534.16"
67.186.21.219 - - [12/Apr/2011:22:12:36 -0700] "GET /images/BobCrop.jpg HTTP/1.1" 200 295922 "http://www.ecosystemconsulting.com/" "Mozilla/5.0 (Windows; U; Windows NT 6.1; en-US) AppleWebKit/534.16 (KHTML, like Gecko) Chrome/10.0.648.204 Safari/534.16"
67.186.21.219 - - [12/Apr/2011:22:12:49 -0700] "GET /introduction.html HTTP/1.1" 200 5729 "http://www.ecosystemconsulting.com/" "Mozilla/5.0 (Windows; U; Windows NT 6.1; en-US) AppleWebKit/534.16 (KHTML, like Gecko) Chrome/10.0.648.204 Safari/534.16"
67.22.213.109 - - [12/Apr/2011:22:12:49 -0700] "GET /index.html HTTP/1.1" 200 5695 "http://www.ecosystemconsulting.com/solaraeration.html" "Mozilla/4.0 (compatible; MSIE 8.0; Windows NT 6.0; WOW64; Trident/4.0; GTB6.6; SLCC1; .NET CLR 2.0.50727; Media Center PC 5.0; .NET CLR 3.5.30729; .NET CLR 3.0.30729; .NET CLR 1.1.4322; .NET4.0C)"
67.186.21.219 - - [12/Apr/2011:22:12:50 -0700] "GET /images/image001.png HTTP/1.1" 200 449685 "http://www.ecosystemconsulting.com/introduction.html" "Mozilla/5.0 (Windows; U; Windows NT 6.1; en-US) AppleWebKit/534.16 (KHTML, like Gecko) Chrome/10.0.648.204 Safari/534.16"
67.186.21.219 - - [12/Apr/2011:22:12:51 -0700] "GET /favicon.ico HTTP/1.1" 404 217 "-" "Mozilla/5.0 (Windows; U; Windows NT 6.1; en-US) AppleWebKit/534.16 (KHTML, like Gecko) Chrome/10.0.648.204 Safari/534.16"
67.22.213.109 - - [12/Apr/2011:22:12:51 -0700] "GET /introduction.html HTTP/1.1" 200 5729 "http://www.ecosystemconsulting.com/index.html" "Mozilla/4.0 (compatible; MSIE 8.0; Windows NT 6.0; WOW64; Trident/4.0; GTB6.6; SLCC1; .NET CLR 2.0.50727; Media Center PC 5.0; .NET CLR 3.5.30729; .NET CLR 3.0.30729; .NET CLR 1.1.4322; .NET4.0C)"
67.186.21.219 - - [12/Apr/2011:22:12:52 -0700] "GET /consulting.html HTTP/1.1" 200 7105 "http://www.ecosystemconsulting.com/introduction.html" "Mozilla/5.0 (Windows; U; Windows NT 6.1; en-US) AppleWebKit/534.16 (KHTML, like Gecko) Chrome/10.0.648.204 Safari/534.16"
67.186.21.219 - - [12/Apr/2011:22:12:53 -0700] "GET /images/125_2520.JPG HTTP/1.1" 200 131072 "http://www.ecosystemconsulting.com/consulting.html" "Mozilla/5.0 (Windows; U; Windows NT 6.1; en-US) AppleWebKit/534.16 (KHTML, like Gecko) Chrome/10.0.648.204 Safari/534.16"
67.186.21.219 - - [12/Apr/2011:22:12:53 -0700] "GET /implementationoverview.html HTTP/1.1" 200 5368 "http://www.ecosystemconsulting.com/consulting.html" "Mozilla/5.0 (Windows; U; Windows NT 6.1; en-US) AppleWebKit/534.16 (KHTML, like Gecko) Chrome/10.0.648.204 Safari/534.16"
67.186.21.219 - - [12/Apr/2011:22:12:53 -0700] "GET /images/View%20of%20Gardner%20Lake.JPG HTTP/1.1" 200 163840 "http://www.ecosystemconsulting.com/consulting.html" "Mozilla/5.0 (Windows; U; Windows NT 6.1; en-US) AppleWebKit/534.16 (KHTML, like Gecko) Chrome/10.0.648.204 Safari/534.16"
67.186.21.219 - - [12/Apr/2011:22:12:53 -0700] "GET /favicon.ico HTTP/1.1" 404 217 "-" "Mozilla/5.0 (Windows; U; Windows NT 6.1; en-US) AppleWebKit/534.16 (KHTML, like Gecko) Chrome/10.0.648.204 Safari/534.16"
67.186.21.219 - - [12/Apr/2011:22:12:53 -0700] "GET /images/MDC%20Res6%20Intake%20Baffle.JPG HTTP/1.1" 200 163840 "http://www.ecosystemconsulting.com/consulting.html" "Mozilla/5.0 (Windows; U; Windows NT 6.1; en-US) AppleWebKit/534.16 (KHTML, like Gecko) Chrome/10.0.648.204 Safari/534.16"
67.186.21.219 - - [12/Apr/2011:22:12:54 -0700] "GET /images/image001%20(3).png HTTP/1.1" 200 280763 "http://www.ecosystemconsulting.com/implementationoverview.html" "Mozilla/5.0 (Windows; U; Windows NT 6.1; en-US) AppleWebKit/534.16 (KHTML, like Gecko) Chrome/10.0.648.204 Safari/534.16"
67.186.21.219 - - [12/Apr/2011:22:12:55 -0700] "GET /images/image003.png HTTP/1.1" 200 680582 "http://www.ecosystemconsulting.com/implementationoverview.html" "Mozilla/5.0 (Windows; U; Windows NT 6.1; en-US) AppleWebKit/534.16 (KHTML, like Gecko) Chrome/10.0.648.204 Safari/534.16"
67.186.21.219 - - [12/Apr/2011:22:12:56 -0700] "GET /favicon.ico HTTP/1.1" 404 217 "-" "Mozilla/5.0 (Windows; U; Windows NT 6.1; en-US) AppleWebKit/534.16 (KHTML, like Gecko) Chrome/10.0.648.204 Safari/534.16"
67.22.213.109 - - [12/Apr/2011:22:12:58 -0700] "GET /images/image001.png HTTP/1.1" 200 449685 "http://www.ecosystemconsulting.com/introduction.html" "Mozilla/4.0 (compatible; MSIE 8.0; Windows NT 6.0; WOW64; Trident/4.0; GTB6.6; SLCC1; .NET CLR 2.0.50727; Media Center PC 5.0; .NET CLR 3.5.30729; .NET CLR 3.0.30729; .NET CLR 1.1.4322; .NET4.0C)"
67.186.21.219 - - [12/Apr/2011:22:13:09 -0700] "GET /innovationsandawards.html HTTP/1.1" 200 5656 "http://www.ecosystemconsulting.com/implementationoverview.html" "Mozilla/5.0 (Windows; U; Windows NT 6.1; en-US) AppleWebKit/534.16 (KHTML, like Gecko) Chrome/10.0.648.204 Safari/534.16"
67.186.21.219 - - [12/Apr/2011:22:13:09 -0700] "GET /images/image002.gif HTTP/1.1" 200 19431 "http://www.ecosystemconsulting.com/innovationsandawards.html" "Mozilla/5.0 (Windows; U; Windows NT 6.1; en-US) AppleWebKit/534.16 (KHTML, like Gecko) Chrome/10.0.648.204 Safari/534.16"
67.186.21.219 - - [12/Apr/2011:22:13:09 -0700] "GET /images/image006.gif HTTP/1.1" 200 20622 "http://www.ecosystemconsulting.com/innovationsandawards.html" "Mozilla/5.0 (Windows; U; Windows NT 6.1; en-US) AppleWebKit/534.16 (KHTML, like Gecko) Chrome/10.0.648.204 Safari/534.16"
67.186.21.219 - - [12/Apr/2011:22:13:09 -0700] "GET /images/image004.gif HTTP/1.1" 200 21051 "http://www.ecosystemconsulting.com/innovationsandawards.html" "Mozilla/5.0 (Windows; U; Windows NT 6.1; en-US) AppleWebKit/534.16 (KHTML, like Gecko) Chrome/10.0.648.204 Safari/534.16"
67.186.21.219 - - [12/Apr/2011:22:13:10 -0700] "GET /favicon.ico HTTP/1.1" 404 217 "-" "Mozilla/5.0 (Windows; U; Windows NT 6.1; en-US) AppleWebKit/534.16 (KHTML, like Gecko) Chrome/10.0.648.204 Safari/534.16"
67.22.213.109 - - [12/Apr/2011:22:13:21 -0700] "GET /literature.html HTTP/1.1" 200 5360 "http://www.ecosystemconsulting.com/introduction.html" "Mozilla/4.0 (compatible; MSIE 8.0; Windows NT 6.0; WOW64; Trident/4.0; GTB6.6; SLCC1; .NET CLR 2.0.50727; Media Center PC 5.0; .NET CLR 3.5.30729; .NET CLR 3.0.30729; .NET CLR 1.1.4322; .NET4.0C)"
67.22.213.109 - - [12/Apr/2011:22:13:54 -0700] "GET /pdfs/Compare%20Aeration%20Methods.pdf HTTP/1.1" 200 124116 "http://www.ecosystemconsulting.com/literature.html" "Mozilla/4.0 (compatible; MSIE 8.0; Windows NT 6.0; WOW64; Trident/4.0; GTB6.6; SLCC1; .NET CLR 2.0.50727; Media Center PC 5.0; .NET CLR 3.5.30729; .NET CLR 3.0.30729; .NET CLR 1.1.4322; .NET4.0C)"
174.129.108.38 - - [12/Apr/2011:23:07:03 -0700] "GET /robots.txt HTTP/1.0" 404 204 "-" "Python-urllib/1.17"
207.46.204.206 - - [12/Apr/2011:23:08:58 -0700] "GET /services.html HTTP/1.1" 200 6184 "-" "Mozilla/4.0 (compatible; MSIE 7.0; Windows NT 5.1;  SV1;  .NET CLR 1.1.4325;  .NET CLR 2.0.50727;  .NET CLR 3.0.30729;  .NET CLR 3.5.30707;  InfoPath.2)"
207.46.204.206 - - [12/Apr/2011:23:09:00 -0700] "GET /main.css HTTP/1.1" 200 5470 "http://www.ecosystemconsulting.com/services.html" "Mozilla/4.0 (compatible; MSIE 7.0; Windows NT 5.1;  SV1;  .NET CLR 1.1.4325;  .NET CLR 2.0.50727;  .NET CLR 3.0.30729;  .NET CLR 3.5.30707;  InfoPath.2)"
